Archive member included because of file (symbol)

d:/program files (x86)/gnu tools arm embedded/4.9 2015q2/bin/../lib/gcc/arm-none-eabi/4.9.3/../../../../arm-none-eabi/lib/armv7e-m\libc.a(lib_a-exit.o)
                              d:/program files (x86)/gnu tools arm embedded/4.9 2015q2/bin/../lib/gcc/arm-none-eabi/4.9.3/../../../../arm-none-eabi/lib/armv7e-m/crt0.o (exit)
d:/program files (x86)/gnu tools arm embedded/4.9 2015q2/bin/../lib/gcc/arm-none-eabi/4.9.3/../../../../arm-none-eabi/lib/armv7e-m\libc.a(lib_a-impure.o)
                              d:/program files (x86)/gnu tools arm embedded/4.9 2015q2/bin/../lib/gcc/arm-none-eabi/4.9.3/../../../../arm-none-eabi/lib/armv7e-m\libc.a(lib_a-exit.o) (_global_impure_ptr)
d:/program files (x86)/gnu tools arm embedded/4.9 2015q2/bin/../lib/gcc/arm-none-eabi/4.9.3/../../../../arm-none-eabi/lib/armv7e-m\libc.a(lib_a-init.o)
                              d:/program files (x86)/gnu tools arm embedded/4.9 2015q2/bin/../lib/gcc/arm-none-eabi/4.9.3/../../../../arm-none-eabi/lib/armv7e-m/crt0.o (__libc_init_array)
d:/program files (x86)/gnu tools arm embedded/4.9 2015q2/bin/../lib/gcc/arm-none-eabi/4.9.3/../../../../arm-none-eabi/lib/armv7e-m\libc.a(lib_a-memset.o)
                              d:/program files (x86)/gnu tools arm embedded/4.9 2015q2/bin/../lib/gcc/arm-none-eabi/4.9.3/../../../../arm-none-eabi/lib/armv7e-m/crt0.o (memset)
d:/program files (x86)/gnu tools arm embedded/4.9 2015q2/bin/../lib/gcc/arm-none-eabi/4.9.3/../../../../arm-none-eabi/lib/armv7e-m\libc.a(lib_a-__call_atexit.o)
                              d:/program files (x86)/gnu tools arm embedded/4.9 2015q2/bin/../lib/gcc/arm-none-eabi/4.9.3/../../../../arm-none-eabi/lib/armv7e-m\libc.a(lib_a-exit.o) (__call_exitprocs)
d:/program files (x86)/gnu tools arm embedded/4.9 2015q2/bin/../lib/gcc/arm-none-eabi/4.9.3/../../../../arm-none-eabi/lib/armv7e-m\libc.a(lib_a-atexit.o)
                              d:/program files (x86)/gnu tools arm embedded/4.9 2015q2/bin/../lib/gcc/arm-none-eabi/4.9.3/../../../../arm-none-eabi/lib/armv7e-m\libc.a(lib_a-__call_atexit.o) (atexit)
d:/program files (x86)/gnu tools arm embedded/4.9 2015q2/bin/../lib/gcc/arm-none-eabi/4.9.3/../../../../arm-none-eabi/lib/armv7e-m\libc.a(lib_a-fini.o)
                              d:/program files (x86)/gnu tools arm embedded/4.9 2015q2/bin/../lib/gcc/arm-none-eabi/4.9.3/../../../../arm-none-eabi/lib/armv7e-m\libc.a(lib_a-__call_atexit.o) (__libc_fini_array)
d:/program files (x86)/gnu tools arm embedded/4.9 2015q2/bin/../lib/gcc/arm-none-eabi/4.9.3/../../../../arm-none-eabi/lib/armv7e-m\libc.a(lib_a-__atexit.o)
                              d:/program files (x86)/gnu tools arm embedded/4.9 2015q2/bin/../lib/gcc/arm-none-eabi/4.9.3/../../../../arm-none-eabi/lib/armv7e-m\libc.a(lib_a-atexit.o) (__register_exitproc)
d:/program files (x86)/gnu tools arm embedded/4.9 2015q2/bin/../lib/gcc/arm-none-eabi/4.9.3/../../../../arm-none-eabi/lib/armv7e-m\libg.a(lib_a-printf.o)
                              ..\obj\LedSM.o (printf)
d:/program files (x86)/gnu tools arm embedded/4.9 2015q2/bin/../lib/gcc/arm-none-eabi/4.9.3/../../../../arm-none-eabi/lib/armv7e-m\libg.a(lib_a-vfprintf.o)
                              d:/program files (x86)/gnu tools arm embedded/4.9 2015q2/bin/../lib/gcc/arm-none-eabi/4.9.3/../../../../arm-none-eabi/lib/armv7e-m\libg.a(lib_a-printf.o) (_vfprintf_r)
d:/program files (x86)/gnu tools arm embedded/4.9 2015q2/bin/../lib/gcc/arm-none-eabi/4.9.3/../../../../arm-none-eabi/lib/armv7e-m\libg.a(lib_a-wsetup.o)
                              d:/program files (x86)/gnu tools arm embedded/4.9 2015q2/bin/../lib/gcc/arm-none-eabi/4.9.3/../../../../arm-none-eabi/lib/armv7e-m\libg.a(lib_a-vfprintf.o) (__swsetup_r)
d:/program files (x86)/gnu tools arm embedded/4.9 2015q2/bin/../lib/gcc/arm-none-eabi/4.9.3/../../../../arm-none-eabi/lib/armv7e-m\libg.a(lib_a-dtoa.o)
                              d:/program files (x86)/gnu tools arm embedded/4.9 2015q2/bin/../lib/gcc/arm-none-eabi/4.9.3/../../../../arm-none-eabi/lib/armv7e-m\libg.a(lib_a-vfprintf.o) (_dtoa_r)
d:/program files (x86)/gnu tools arm embedded/4.9 2015q2/bin/../lib/gcc/arm-none-eabi/4.9.3/../../../../arm-none-eabi/lib/armv7e-m\libg.a(lib_a-fflush.o)
                              d:/program files (x86)/gnu tools arm embedded/4.9 2015q2/bin/../lib/gcc/arm-none-eabi/4.9.3/../../../../arm-none-eabi/lib/armv7e-m\libg.a(lib_a-vfprintf.o) (_fflush_r)
d:/program files (x86)/gnu tools arm embedded/4.9 2015q2/bin/../lib/gcc/arm-none-eabi/4.9.3/../../../../arm-none-eabi/lib/armv7e-m\libg.a(lib_a-findfp.o)
                              d:/program files (x86)/gnu tools arm embedded/4.9 2015q2/bin/../lib/gcc/arm-none-eabi/4.9.3/../../../../arm-none-eabi/lib/armv7e-m\libg.a(lib_a-vfprintf.o) (__sinit)
d:/program files (x86)/gnu tools arm embedded/4.9 2015q2/bin/../lib/gcc/arm-none-eabi/4.9.3/../../../../arm-none-eabi/lib/armv7e-m\libg.a(lib_a-freer.o)
[...]
Memory Configuration

Name             Origin             Length             Attributes
FLASH            0x08000000         0x00100000         xr
RAM              0x20000000         0x00020000         xrw
CCMRAM           0x10000000         0x00010000         rw
*default*        0x00000000         0xffffffff

Linker script and memory map

LOAD d:/program files (x86)/gnu tools arm embedded/4.9 2015q2/bin/../lib/gcc/arm-none-eabi/4.9.3/armv7e-m/crti.o
LOAD d:/program files (x86)/gnu tools arm embedded/4.9 2015q2/bin/../lib/gcc/arm-none-eabi/4.9.3/armv7e-m/crtbegin.o
LOAD d:/program files (x86)/gnu tools arm embedded/4.9 2015q2/bin/../lib/gcc/arm-none-eabi/4.9.3/../../../../arm-none-eabi/lib/armv7e-m/crt0.o
                0x2001ffff                _estack = 0x2001ffff
                0x00000200                _Min_Heap_Size = 0x200
                0x00000400                _Min_Stack_Size = 0x400

.isr_vector     0x08000000      0x1ac
                0x08000000                . = ALIGN (0x4)
 *(.isr_vector)
 .isr_vector    0x08000000      0x1ac ..\obj\startup_stm32f429xx.o
                0x08000000                g_pfnVectors
                0x080001ac                . = ALIGN (0x4)

.text           0x08000200     0x11fc
                0x08000200                . = ALIGN (0x4)
 *(.text)
 .text          0x08000200       0x5c d:/program files (x86)/gnu tools arm embedded/4.9 2015q2/bin/../lib/gcc/arm-none-eabi/4.9.3/armv7e-m/crtbegin.o
 .text          0x0800025c       0xe8 ..\obj\Led.o
                0x0800025c                initLED
                0x080002ac                initRearLED1
                0x080002f8                initRearLED2
 .text          0x08000344      0x1bc ..\obj\Task.o
                0x08000344                taskOne
                0x08000358                taskTwo
                0x0800036c                initTcb
 .text          0x08000500      0x154 ..\obj\system_stm32f4xx.o
                0x08000500                SystemInit
                0x0800055c                SystemCoreClockUpdate
 .text          0x08000654       0xdc ..\obj\main.o
                0x080006ec                initSysTick
                0x08000714                main
 .text          0x08000730      0x674 ..\obj\stm32f4xx_hal_gpio.o
                0x08000730                HAL_GPIO_Init
                0x08000a78                HAL_GPIO_DeInit
                0x08000c8c                HAL_GPIO_ReadPin
                0x08000cbc                HAL_GPIO_WritePin
                0x08000cec                HAL_GPIO_TogglePin
                0x08000d10                HAL_GPIO_LockPin
                0x08000d60                HAL_GPIO_EXTI_IRQHandler
                0x08000d90                HAL_GPIO_EXTI_Callback
 .text          0x08000da4       0x48 ..\obj\Button.o
                0x08000da4                initButton
 .text          0x08000dec       0x50 ..\obj\stm32f4xx_it.o
                0x08000dec                NMI_Handler
                0x08000df8                HardFault_Handler
                0x08000e00                MemManage_Handler
                0x08000e08                BusFault_Handler
                0x08000e10                UsageFault_Handler
                0x08000e18                SVC_Handler
                0x08000e24                DebugMon_Handler
                0x08000e30                PendSV_Handler
 .text          0x08000e3c      0x19c ..\obj\LinkedList.o
                0x08000e3c                createLinkedList
                0x08000e60                listAddFirst
                0x08000eb4                listRemoveFirst
                0x08000f1c                listAddLast
                0x08000f70                listRemoveLast
 *(.text*)
 .text.__libc_init_array
                0x08000fd8       0x50 d:/program files (x86)/gnu tools arm embedded/4.9 2015q2/bin/../lib/gcc/arm-none-eabi/4.9.3/../../../../arm-none-eabi/lib/armv7e-m\libc.a(lib_a-init.o)
                0x08000fd8                __libc_init_array
 .text.startup.register_fini
                0x08001028       0x14 d:/program files (x86)/gnu tools arm embedded/4.9 2015q2/bin/../lib/gcc/arm-none-eabi/4.9.3/../../../../arm-none-eabi/lib/armv7e-m\libc.a(lib_a-__call_atexit.o)
 .text.atexit   0x0800103c        0xc d:/program files (x86)/gnu tools arm embedded/4.9 2015q2/bin/../lib/gcc/arm-none-eabi/4.9.3/../../../../arm-none-eabi/lib/armv7e-m\libc.a(lib_a-atexit.o)
                0x0800103c                atexit
 .text.__libc_fini_array
                0x08001048       0x2c d:/program files (x86)/gnu tools arm embedded/4.9 2015q2/bin/../lib/gcc/arm-none-eabi/4.9.3/../../../../arm-none-eabi/lib/armv7e-m\libc.a(lib_a-fini.o)
                0x08001048                __libc_fini_array
 .text.__register_exitproc
                0x08001074       0xa4 d:/program files (x86)/gnu tools arm embedded/4.9 2015q2/bin/../lib/gcc/arm-none-eabi/4.9.3/../../../../arm-none-eabi/lib/armv7e-m\libc.a(lib_a-__atexit.o)
                0x08001074                __register_exitproc
 *fill*         0x08001118       0xe8 
 .text.taskSwitch
                0x08001200      0x190 ..\obj\Scheduler.o
                0x08001200                taskSwitch
                0x08001300                SysTick_Handler
 .text.Reset_Handler
                0x08001390       0x50 ..\obj\startup_stm32f429xx.o
                0x08001390                Reset_Handler
 .text.Default_Handler
                0x080013e0        0x2 ..\obj\startup_stm32f429xx.o
                0x080013e0                RTC_Alarm_IRQHandler
                0x080013e0                HASH_RNG_IRQHandler
                0x080013e0                EXTI2_IRQHandler
                0x080013e0                TIM8_CC_IRQHandler
                0x080013e0                UART8_IRQHandler
                0x080013e0                SPI4_IRQHandler
                0x080013e0                TIM1_CC_IRQHandler
                0x080013e0                DMA2_Stream5_IRQHandler
                0x080013e0                DMA1_Stream5_IRQHandler
                0x080013e0                PVD_IRQHandler
                0x080013e0                SDIO_IRQHandler
                0x080013e0                TAMP_STAMP_IRQHandler
                0x080013e0                CAN2_RX1_IRQHandler
                0x080013e0                EXTI3_IRQHandler
                0x080013e0                TIM8_TRG_COM_TIM14_IRQHandler
                0x080013e0                TIM1_UP_TIM10_IRQHandler
                0x080013e0                TIM8_UP_TIM13_IRQHandler
                0x080013e0                I2C3_ER_IRQHandler
                0x080013e0                EXTI0_IRQHandler
                0x080013e0                I2C2_EV_IRQHandler
                0x080013e0                DMA1_Stream2_IRQHandler
                0x080013e0                CAN1_RX0_IRQHandler
                0x080013e0                FPU_IRQHandler
                0x080013e0                OTG_HS_WKUP_IRQHandler
                0x080013e0                LTDC_ER_IRQHandler
                0x080013e0                CAN2_SCE_IRQHandler
                0x080013e0                DMA2_Stream2_IRQHandler
                0x080013e0                SPI1_IRQHandler
                0x080013e0                TIM6_DAC_IRQHandler
                0x080013e0                TIM1_BRK_TIM9_IRQHandler
                0x080013e0                DCMI_IRQHandler
                0x080013e0                CAN2_RX0_IRQHandler
                0x080013e0                DMA2_Stream3_IRQHandler
                0x080013e0                USART6_IRQHandler
                0x080013e0                USART3_IRQHandler
                0x080013e0                CAN1_RX1_IRQHandler
                0x080013e0                UART5_IRQHandler
                0x080013e0                DMA2_Stream0_IRQHandler
                0x080013e0                TIM4_IRQHandler
                0x080013e0                I2C1_EV_IRQHandler
                0x080013e0                DMA1_Stream6_IRQHandler
                0x080013e0                DMA1_Stream1_IRQHandler
                0x080013e0                UART4_IRQHandler
                0x080013e0                TIM3_IRQHandler
                0x080013e0                RCC_IRQHandler
                0x080013e0                TIM8_BRK_TIM12_IRQHandler
                0x080013e0                Default_Handler
                0x080013e0                EXTI15_10_IRQHandler
                0x080013e0                ADC_IRQHandler
                0x080013e0                DMA1_Stream7_IRQHandler
                0x080013e0                SPI5_IRQHandler
                0x080013e0                TIM7_IRQHandler
                0x080013e0                CAN2_TX_IRQHandler
                0x080013e0                TIM5_IRQHandler
                0x080013e0                DMA2_Stream7_IRQHandler
                0x080013e0                I2C3_EV_IRQHandler
                0x080013e0                EXTI9_5_IRQHandler
                0x080013e0                RTC_WKUP_IRQHandler
                0x080013e0                LTDC_IRQHandler
                0x080013e0                ETH_WKUP_IRQHandler
                0x080013e0                SPI2_IRQHandler
                0x080013e0                OTG_HS_EP1_IN_IRQHandler
                0x080013e0                DMA1_Stream0_IRQHandler
                0x080013e0                CAN1_TX_IRQHandler
                0x080013e0                EXTI4_IRQHandler
                0x080013e0                ETH_IRQHandler
                0x080013e0                OTG_HS_EP1_OUT_IRQHandler
                0x080013e0                WWDG_IRQHandler
                0x080013e0                SPI6_IRQHandler
                0x080013e0                TIM2_IRQHandler
                0x080013e0                OTG_FS_WKUP_IRQHandler
                0x080013e0                TIM1_TRG_COM_TIM11_IRQHandler
                0x080013e0                OTG_HS_IRQHandler
                0x080013e0                DMA2D_IRQHandler
                0x080013e0                EXTI1_IRQHandler
                0x080013e0                UART7_IRQHandler
                0x080013e0                USART2_IRQHandler
                0x080013e0                I2C2_ER_IRQHandler
                0x080013e0                DMA2_Stream1_IRQHandler
                0x080013e0                CAN1_SCE_IRQHandler
                0x080013e0                FLASH_IRQHandler
                0x080013e0                DMA2_Stream4_IRQHandler
                0x080013e0                USART1_IRQHandler
                0x080013e0                OTG_FS_IRQHandler
                0x080013e0                SPI3_IRQHandler
                0x080013e0                DMA1_Stream4_IRQHandler
                0x080013e0                I2C1_ER_IRQHandler
                0x080013e0                FMC_IRQHandler
                0x080013e0                DMA2_Stream6_IRQHandler
                0x080013e0                SAI1_IRQHandler
                0x080013e0                DMA1_Stream3_IRQHandler
 *(.glue_7)
 .glue_7        0x00000000        0x0 linker stubs
 *(.glue_7t)
 .glue_7t       0x00000000        0x0 linker stubs
 *(.eh_frame)
 *fill*         0x080013e2        0x2 
 .eh_frame      0x080013e4        0x0 d:/program files (x86)/gnu tools arm embedded/4.9 2015q2/bin/../lib/gcc/arm-none-eabi/4.9.3/armv7e-m/crtbegin.o
 *(.init)
 .init          0x080013e4        0x4 d:/program files (x86)/gnu tools arm embedded/4.9 2015q2/bin/../lib/gcc/arm-none-eabi/4.9.3/armv7e-m/crti.o
                0x080013e4                _init
 .init          0x080013e8        0x8 d:/program files (x86)/gnu tools arm embedded/4.9 2015q2/bin/../lib/gcc/arm-none-eabi/4.9.3/armv7e-m/crtn.o
 *(.fini)
 .fini          0x080013f0        0x4 d:/program files (x86)/gnu tools arm embedded/4.9 2015q2/bin/../lib/gcc/arm-none-eabi/4.9.3/armv7e-m/crti.o
                0x080013f0                _fini
 .fini          0x080013f4        0x8 d:/program files (x86)/gnu tools arm embedded/4.9 2015q2/bin/../lib/gcc/arm-none-eabi/4.9.3/armv7e-m/crtn.o
                0x080013fc                . = ALIGN (0x4)
                0x080013fc                _etext = .

.vfp11_veneer   0x080013fc        0x0
 .vfp11_veneer  0x00000000        0x0 linker stubs

.v4_bx          0x080013fc        0x0
 .v4_bx         0x00000000        0x0 linker stubs

.iplt           0x080013fc        0x0
 .iplt          0x00000000        0x0 d:/program files (x86)/gnu tools arm embedded/4.9 2015q2/bin/../lib/gcc/arm-none-eabi/4.9.3/armv7e-m/crtbegin.o

.rodata         0x080013fc       0x2c
                0x080013fc                . = ALIGN (0x4)
 *(.rodata)
 .rodata        0x080013fc       0x22 ..\obj\Task.o
 *(.rodata*)
 *fill*         0x0800141e        0x2 
 .rodata.str1.4
                0x08001420        0x4 d:/program files (x86)/gnu tools arm embedded/4.9 2015q2/bin/../lib/gcc/arm-none-eabi/4.9.3/../../../../arm-none-eabi/lib/armv7e-m\libc.a(lib_a-impure.o)
                                  0x2 (size before relaxing)
 .rodata._global_impure_ptr
                0x08001424        0x4 d:/program files (x86)/gnu tools arm embedded/4.9 2015q2/bin/../lib/gcc/arm-none-eabi/4.9.3/../../../../arm-none-eabi/lib/armv7e-m\libc.a(lib_a-impure.o)
                0x08001424                _global_impure_ptr
                0x08001428                . = ALIGN (0x4)

.rel.dyn        0x08001428        0x0
 .rel.iplt      0x00000000        0x0 d:/program files (x86)/gnu tools arm embedded/4.9 2015q2/bin/../lib/gcc/arm-none-eabi/4.9.3/armv7e-m/crtbegin.o

.ARM.extab
 *(.ARM.extab* .gnu.linkonce.armextab.*)

.ARM            0x08001428        0x0
                0x08001428                __exidx_start = .
 *(.ARM.exidx*)
                0x08001428                __exidx_end = .

.preinit_array  0x08001428        0x0
                0x08001428                PROVIDE (__preinit_array_start, .)
 *(.preinit_array*)
                0x08001428                PROVIDE (__preinit_array_end, .)

.init_array     0x08001428        0x8
                0x08001428                PROVIDE (__init_array_start, .)
 *(SORT(.init_array.*))
 .init_array.00000
                0x08001428        0x4 d:/program files (x86)/gnu tools arm embedded/4.9 2015q2/bin/../lib/gcc/arm-none-eabi/4.9.3/../../../../arm-none-eabi/lib/armv7e-m\libc.a(lib_a-__call_atexit.o)
 *(.init_array*)
 .init_array    0x0800142c        0x4 d:/program files (x86)/gnu tools arm embedded/4.9 2015q2/bin/../lib/gcc/arm-none-eabi/4.9.3/armv7e-m/crtbegin.o
                0x08001430                PROVIDE (__init_array_end, .)

.fini_array     0x08001430        0x4
                0x08001430                PROVIDE (__fini_array_start, .)
 *(SORT(.fini_array.*))
 *(.fini_array*)
 .fini_array    0x08001430        0x4 d:/program files (x86)/gnu tools arm embedded/4.9 2015q2/bin/../lib/gcc/arm-none-eabi/4.9.3/armv7e-m/crtbegin.o
                0x08001434                PROVIDE (__fini_array_end, .)
                0x08001434                _sidata = LOADADDR (.data)

.data           0x20000000      0x448 load address 0x08001434
                0x20000000                . = ALIGN (0x4)
                0x20000000                _sdata = .
 *(.data)
 .data          0x20000000        0x8 ..\obj\Task.o
                0x20000000                cc
                0x20000004                cc2
 .data          0x20000008       0x14 ..\obj\system_stm32f4xx.o
                0x20000008                SystemCoreClock
                0x2000000c                AHBPrescTable
 *(.data*)
 *fill*         0x2000001c        0x4 
 .data.impure_data
                0x20000020      0x428 d:/program files (x86)/gnu tools arm embedded/4.9 2015q2/bin/../lib/gcc/arm-none-eabi/4.9.3/../../../../arm-none-eabi/lib/armv7e-m\libc.a(lib_a-impure.o)
                0x20000448                . = ALIGN (0x4)
                0x20000448                _edata = .
                0x0800187c                _siccmram = LOADADDR (.ccmram)

.jcr            0x20000448        0x0 load address 0x0800187c
 .jcr           0x20000448        0x0 d:/program files (x86)/gnu tools arm embedded/4.9 2015q2/bin/../lib/gcc/arm-none-eabi/4.9.3/armv7e-m/crtbegin.o

.igot.plt       0x20000448        0x0 load address 0x0800187c
 .igot.plt      0x00000000        0x0 d:/program files (x86)/gnu tools arm embedded/4.9 2015q2/bin/../lib/gcc/arm-none-eabi/4.9.3/armv7e-m/crtbegin.o

.ccmram         0x10000000        0x0 load address 0x0800187c
                0x10000000                . = ALIGN (0x4)
                0x10000000                _sccmram = .
 *(.ccmram)
 *(.ccmram*)
                0x10000000                . = ALIGN (0x4)
                0x10000000                _eccmram = .
                0x10000000                . = ALIGN (0x4)

.bss            0x20000448      0x8a4
                0x20000448                _sbss = .
                0x20000448                __bss_start__ = _sbss
 *(.bss)
 .bss           0x20000448       0x1c d:/program files (x86)/gnu tools arm embedded/4.9 2015q2/bin/../lib/gcc/arm-none-eabi/4.9.3/armv7e-m/crtbegin.o
 *(.bss*)
 *(COMMON)
 COMMON         0x20000464      0x888 ..\obj\Task.o
                0x20000464                Context
                0x200004a4                taskTwoTcb
                0x200004b4                readyQueue
                0x200004c0                taskOneTcb
                0x200004d0                taskTwoStack
                0x200008d4                mainTcb
                0x200008e4                runningTcb
                0x200008e8                taskOneStack
                0x20000cec                . = ALIGN (0x4)
                0x20000cec                _ebss = .
                0x20000cec                __bss_end__ = _ebss

._user_heap_stack
                0x20000cec      0x600
                0x20000cec                . = ALIGN (0x4)
                0x20000cec                PROVIDE (end, .)
                0x20000cec                PROVIDE (_end, .)
                0x20000eec                . = (. + _Min_Heap_Size)
 *fill*         0x20000cec      0x200 
                0x200012ec                . = (. + _Min_Stack_Size)
 *fill*         0x20000eec      0x400 
                0x200012ec                . = ALIGN (0x4)

/DISCARD/
 libc.a(*)
 libm.a(*)
 libgcc.a(*)

.ARM.attributes
                0x00000000       0x2a
 *(.ARM.attributes)
 .ARM.attributes
                0x00000000       0x1e d:/program files (x86)/gnu tools arm embedded/4.9 2015q2/bin/../lib/gcc/arm-none-eabi/4.9.3/armv7e-m/crti.o
 .ARM.attributes
                0x0000001e       0x2e d:/program files (x86)/gnu tools arm embedded/4.9 2015q2/bin/../lib/gcc/arm-none-eabi/4.9.3/armv7e-m/crtbegin.o
 .ARM.attributes
                0x0000004c       0x21 ..\obj\Scheduler.o
 .ARM.attributes
                0x0000006d       0x33 ..\obj\Led.o
 .ARM.attributes
                0x000000a0       0x33 ..\obj\Task.o
 .ARM.attributes
                0x000000d3       0x33 ..\obj\system_stm32f4xx.o
 .ARM.attributes
                0x00000106       0x33 ..\obj\main.o
 .ARM.attributes
                0x00000139       0x33 ..\obj\stm32f4xx_hal_gpio.o
 .ARM.attributes
                0x0000016c       0x33 ..\obj\Button.o
 .ARM.attributes
                0x0000019f       0x21 ..\obj\startup_stm32f429xx.o
 .ARM.attributes
                0x000001c0       0x33 ..\obj\stm32f4xx_it.o
 .ARM.attributes
                0x000001f3       0x33 ..\obj\LinkedList.o
 .ARM.attributes
                0x00000226       0x1e d:/program files (x86)/gnu tools arm embedded/4.9 2015q2/bin/../lib/gcc/arm-none-eabi/4.9.3/armv7e-m/crtn.o
LOAD ..\obj\Scheduler.o
LOAD ..\obj\Led.o
LOAD ..\obj\Task.o
LOAD ..\obj\system_stm32f4xx.o
LOAD ..\obj\main.o
LOAD ..\obj\stm32f4xx_hal_gpio.o
LOAD ..\obj\Button.o
LOAD ..\obj\startup_stm32f429xx.o
LOAD ..\obj\LedSM.o
LOAD ..\obj\stm32f4xx_hal_rcc.o
LOAD ..\obj\ButtonSM.o
LOAD ..\obj\stm32f4xx_it.o
LOAD ..\obj\LinkedList.o
LOAD ..\obj\assembly.o
LOAD ..\obj\Mutex.o
LOAD ..\obj\stm32f4xx_hal_cortex.o
LOAD ..\obj\stm32f4xx_hal.o
LOAD ..\obj\Message.o
LOAD ..\obj\Timer.o
START GROUP
LOAD d:/program files (x86)/gnu tools arm embedded/4.9 2015q2/bin/../lib/gcc/arm-none-eabi/4.9.3/armv7e-m\libgcc.a
LOAD d:/program files (x86)/gnu tools arm embedded/4.9 2015q2/bin/../lib/gcc/arm-none-eabi/4.9.3/../../../../arm-none-eabi/lib/armv7e-m\libg.a
LOAD d:/program files (x86)/gnu tools arm embedded/4.9 2015q2/bin/../lib/gcc/arm-none-eabi/4.9.3/../../../../arm-none-eabi/lib/armv7e-m\libc.a
END GROUP
LOAD d:/program files (x86)/gnu tools arm embedded/4.9 2015q2/bin/../lib/gcc/arm-none-eabi/4.9.3/armv7e-m/crtend.o
LOAD d:/program files (x86)/gnu tools arm embedded/4.9 2015q2/bin/../lib/gcc/arm-none-eabi/4.9.3/armv7e-m/crtn.o
OUTPUT(exploreCC.elf elf32-littlearm)

.debug_line     0x00000000     0x11d8
 .debug_line    0x00000000       0xae ..\obj\Scheduler.o
 .debug_line    0x000000ae      0x22b ..\obj\Led.o
 .debug_line    0x000002d9      0x191 ..\obj\Task.o
 .debug_line    0x0000046a      0x1d2 ..\obj\system_stm32f4xx.o
 .debug_line    0x0000063c      0x20c ..\obj\main.o
 .debug_line    0x00000848      0x440 ..\obj\stm32f4xx_hal_gpio.o
 .debug_line    0x00000c88      0x21b ..\obj\Button.o
 .debug_line    0x00000ea3       0xab ..\obj\startup_stm32f429xx.o
 .debug_line    0x00000f4e      0x1c3 ..\obj\stm32f4xx_it.o
 .debug_line    0x00001111       0xc7 ..\obj\LinkedList.o

.debug_info     0x00000000     0x2317
 .debug_info    0x00000000       0xb2 ..\obj\Scheduler.o
 .debug_info    0x000000b2      0x439 ..\obj\Led.o
 .debug_info    0x000004eb      0x34c ..\obj\Task.o
 .debug_info    0x00000837      0x4b4 ..\obj\system_stm32f4xx.o
 .debug_info    0x00000ceb      0x7a7 ..\obj\main.o
 .debug_info    0x00001492      0x712 ..\obj\stm32f4xx_hal_gpio.o
 .debug_info    0x00001ba4      0x3b3 ..\obj\Button.o
 .debug_info    0x00001f57       0xb8 ..\obj\startup_stm32f429xx.o
 .debug_info    0x0000200f      0x11e ..\obj\stm32f4xx_it.o
 .debug_info    0x0000212d      0x1ea ..\obj\LinkedList.o

.debug_abbrev   0x00000000      0x8bf
 .debug_abbrev  0x00000000       0x14 ..\obj\Scheduler.o
 .debug_abbrev  0x00000014      0x11d ..\obj\Led.o
 .debug_abbrev  0x00000131      0x101 ..\obj\Task.o
 .debug_abbrev  0x00000232       0xff ..\obj\system_stm32f4xx.o
 .debug_abbrev  0x00000331      0x199 ..\obj\main.o
 .debug_abbrev  0x000004ca      0x1aa ..\obj\stm32f4xx_hal_gpio.o
 .debug_abbrev  0x00000674       0xf4 ..\obj\Button.o
 .debug_abbrev  0x00000768       0x12 ..\obj\startup_stm32f429xx.o
 .debug_abbrev  0x0000077a       0x65 ..\obj\stm32f4xx_it.o
 .debug_abbrev  0x000007df       0xe0 ..\obj\LinkedList.o

.debug_aranges  0x00000000      0x148
 .debug_aranges
                0x00000000       0x20 ..\obj\Scheduler.o
 .debug_aranges
                0x00000020       0x20 ..\obj\Led.o
 .debug_aranges
                0x00000040       0x20 ..\obj\Task.o
 .debug_aranges
                0x00000060       0x20 ..\obj\system_stm32f4xx.o
 .debug_aranges
                0x00000080       0x20 ..\obj\main.o
 .debug_aranges
                0x000000a0       0x20 ..\obj\stm32f4xx_hal_gpio.o
 .debug_aranges
                0x000000c0       0x20 ..\obj\Button.o
 .debug_aranges
                0x000000e0       0x28 ..\obj\startup_stm32f429xx.o
 .debug_aranges
                0x00000108       0x20 ..\obj\stm32f4xx_it.o
 .debug_aranges
                0x00000128       0x20 ..\obj\LinkedList.o

.debug_str      0x00000000      0xf2a
 .debug_str     0x00000000      0x30c ..\obj\Led.o
                                0x364 (size before relaxing)
 .debug_str     0x0000030c       0xfa ..\obj\Task.o
                                0x231 (size before relaxing)
 .debug_str     0x00000406       0xf8 ..\obj\system_stm32f4xx.o
                                0x342 (size before relaxing)
 .debug_str     0x000004fe      0x687 ..\obj\main.o
                                0x8cc (size before relaxing)
 .debug_str     0x00000b85      0x1e0 ..\obj\stm32f4xx_hal_gpio.o
                                0x510 (size before relaxing)
 .debug_str     0x00000d65       0x56 ..\obj\Button.o
                                0x352 (size before relaxing)
 .debug_str     0x00000dbb       0xc6 ..\obj\stm32f4xx_it.o
                                0x1db (size before relaxing)
 .debug_str     0x00000e81       0xa9 ..\obj\LinkedList.o
                                0x223 (size before relaxing)

.comment        0x00000000       0x70
 .comment       0x00000000       0x70 ..\obj\Led.o
                                 0x71 (size before relaxing)
 .comment       0x00000000       0x71 ..\obj\Task.o
 .comment       0x00000000       0x71 ..\obj\system_stm32f4xx.o
 .comment       0x00000000       0x71 ..\obj\main.o
 .comment       0x00000000       0x71 ..\obj\stm32f4xx_hal_gpio.o
 .comment       0x00000000       0x71 ..\obj\Button.o
 .comment       0x00000000       0x71 ..\obj\stm32f4xx_it.o
 .comment       0x00000000       0x71 ..\obj\LinkedList.o

.debug_frame    0x00000000      0x518
 .debug_frame   0x00000000       0x7c ..\obj\Led.o
 .debug_frame   0x0000007c       0x64 ..\obj\Task.o
 .debug_frame   0x000000e0       0x58 ..\obj\system_stm32f4xx.o
 .debug_frame   0x00000138       0x98 ..\obj\main.o
 .debug_frame   0x000001d0      0x14c ..\obj\stm32f4xx_hal_gpio.o
 .debug_frame   0x0000031c       0x34 ..\obj\Button.o
 .debug_frame   0x00000350       0xf0 ..\obj\stm32f4xx_it.o
 .debug_frame   0x00000440       0xd8 ..\obj\LinkedList.o

.debug_ranges   0x00000000       0x20
 .debug_ranges  0x00000000       0x20 ..\obj\startup_stm32f429xx.o
