Archive member included because of file (symbol)

d:/program files (x86)/gnu tools arm embedded/4.9 2015q2/bin/../lib/gcc/arm-none-eabi/4.9.3/../../../../arm-none-eabi/lib/armv7e-m\libc.a(lib_a-exit.o)
                              d:/program files (x86)/gnu tools arm embedded/4.9 2015q2/bin/../lib/gcc/arm-none-eabi/4.9.3/../../../../arm-none-eabi/lib/armv7e-m/crt0.o (exit)
d:/program files (x86)/gnu tools arm embedded/4.9 2015q2/bin/../lib/gcc/arm-none-eabi/4.9.3/../../../../arm-none-eabi/lib/armv7e-m\libc.a(lib_a-impure.o)
                              d:/program files (x86)/gnu tools arm embedded/4.9 2015q2/bin/../lib/gcc/arm-none-eabi/4.9.3/../../../../arm-none-eabi/lib/armv7e-m\libc.a(lib_a-exit.o) (_global_impure_ptr)
d:/program files (x86)/gnu tools arm embedded/4.9 2015q2/bin/../lib/gcc/arm-none-eabi/4.9.3/../../../../arm-none-eabi/lib/armv7e-m\libc.a(lib_a-init.o)
                              d:/program files (x86)/gnu tools arm embedded/4.9 2015q2/bin/../lib/gcc/arm-none-eabi/4.9.3/../../../../arm-none-eabi/lib/armv7e-m/crt0.o (__libc_init_array)
d:/program files (x86)/gnu tools arm embedded/4.9 2015q2/bin/../lib/gcc/arm-none-eabi/4.9.3/../../../../arm-none-eabi/lib/armv7e-m\libc.a(lib_a-memset.o)
                              d:/program files (x86)/gnu tools arm embedded/4.9 2015q2/bin/../lib/gcc/arm-none-eabi/4.9.3/../../../../arm-none-eabi/lib/armv7e-m/crt0.o (memset)
d:/program files (x86)/gnu tools arm embedded/4.9 2015q2/bin/../lib/gcc/arm-none-eabi/4.9.3/../../../../arm-none-eabi/lib/armv7e-m\libc.a(lib_a-__call_atexit.o)
                              d:/program files (x86)/gnu tools arm embedded/4.9 2015q2/bin/../lib/gcc/arm-none-eabi/4.9.3/../../../../arm-none-eabi/lib/armv7e-m\libc.a(lib_a-exit.o) (__call_exitprocs)
d:/program files (x86)/gnu tools arm embedded/4.9 2015q2/bin/../lib/gcc/arm-none-eabi/4.9.3/../../../../arm-none-eabi/lib/armv7e-m\libc.a(lib_a-atexit.o)
                              d:/program files (x86)/gnu tools arm embedded/4.9 2015q2/bin/../lib/gcc/arm-none-eabi/4.9.3/../../../../arm-none-eabi/lib/armv7e-m\libc.a(lib_a-__call_atexit.o) (atexit)
d:/program files (x86)/gnu tools arm embedded/4.9 2015q2/bin/../lib/gcc/arm-none-eabi/4.9.3/../../../../arm-none-eabi/lib/armv7e-m\libc.a(lib_a-fini.o)
                              d:/program files (x86)/gnu tools arm embedded/4.9 2015q2/bin/../lib/gcc/arm-none-eabi/4.9.3/../../../../arm-none-eabi/lib/armv7e-m\libc.a(lib_a-__call_atexit.o) (__libc_fini_array)
d:/program files (x86)/gnu tools arm embedded/4.9 2015q2/bin/../lib/gcc/arm-none-eabi/4.9.3/../../../../arm-none-eabi/lib/armv7e-m\libc.a(lib_a-__atexit.o)
                              d:/program files (x86)/gnu tools arm embedded/4.9 2015q2/bin/../lib/gcc/arm-none-eabi/4.9.3/../../../../arm-none-eabi/lib/armv7e-m\libc.a(lib_a-atexit.o) (__register_exitproc)
d:/program files (x86)/gnu tools arm embedded/4.9 2015q2/bin/../lib/gcc/arm-none-eabi/4.9.3/../../../../arm-none-eabi/lib/armv7e-m\libc.a(lib_a-printf.o)
                              ..\obj\LedSM.o (printf)
d:/program files (x86)/gnu tools arm embedded/4.9 2015q2/bin/../lib/gcc/arm-none-eabi/4.9.3/../../../../arm-none-eabi/lib/armv7e-m\libc.a(lib_a-vfprintf.o)
                              d:/program files (x86)/gnu tools arm embedded/4.9 2015q2/bin/../lib/gcc/arm-none-eabi/4.9.3/../../../../arm-none-eabi/lib/armv7e-m\libc.a(lib_a-printf.o) (_vfprintf_r)
d:/program files (x86)/gnu tools arm embedded/4.9 2015q2/bin/../lib/gcc/arm-none-eabi/4.9.3/../../../../arm-none-eabi/lib/armv7e-m\libc.a(lib_a-wsetup.o)
                              d:/program files (x86)/gnu tools arm embedded/4.9 2015q2/bin/../lib/gcc/arm-none-eabi/4.9.3/../../../../arm-none-eabi/lib/armv7e-m\libc.a(lib_a-vfprintf.o) (__swsetup_r)
d:/program files (x86)/gnu tools arm embedded/4.9 2015q2/bin/../lib/gcc/arm-none-eabi/4.9.3/../../../../arm-none-eabi/lib/armv7e-m\libc.a(lib_a-dtoa.o)
                              d:/program files (x86)/gnu tools arm embedded/4.9 2015q2/bin/../lib/gcc/arm-none-eabi/4.9.3/../../../../arm-none-eabi/lib/armv7e-m\libc.a(lib_a-vfprintf.o) (_dtoa_r)
d:/program files (x86)/gnu tools arm embedded/4.9 2015q2/bin/../lib/gcc/arm-none-eabi/4.9.3/../../../../arm-none-eabi/lib/armv7e-m\libc.a(lib_a-fflush.o)
                              d:/program files (x86)/gnu tools arm embedded/4.9 2015q2/bin/../lib/gcc/arm-none-eabi/4.9.3/../../../../arm-none-eabi/lib/armv7e-m\libc.a(lib_a-vfprintf.o) (_fflush_r)
d:/program files (x86)/gnu tools arm embedded/4.9 2015q2/bin/../lib/gcc/arm-none-eabi/4.9.3/../../../../arm-none-eabi/lib/armv7e-m\libc.a(lib_a-findfp.o)
                              d:/program files (x86)/gnu tools arm embedded/4.9 2015q2/bin/../lib/gcc/arm-none-eabi/4.9.3/../../../../arm-none-eabi/lib/armv7e-m\libc.a(lib_a-vfprintf.o) (__sinit)
d:/program files (x86)/gnu tools arm embedded/4.9 2015q2/bin/../lib/gcc/arm-none-eabi/4.9.3/../../../../arm-none-eabi/lib/armv7e-m\libc.a(lib_a-freer.o)
[...]
Memory Configuration

Name             Origin             Length             Attributes
FLASH            0x08000000         0x00100000         xr
RAM              0x20000000         0x00020000         xrw
CCMRAM           0x10000000         0x00010000         rw
*default*        0x00000000         0xffffffff

Linker script and memory map

LOAD d:/program files (x86)/gnu tools arm embedded/4.9 2015q2/bin/../lib/gcc/arm-none-eabi/4.9.3/armv7e-m/crti.o
LOAD d:/program files (x86)/gnu tools arm embedded/4.9 2015q2/bin/../lib/gcc/arm-none-eabi/4.9.3/armv7e-m/crtbegin.o
LOAD d:/program files (x86)/gnu tools arm embedded/4.9 2015q2/bin/../lib/gcc/arm-none-eabi/4.9.3/../../../../arm-none-eabi/lib/armv7e-m/crt0.o
                0x2001ffff                _estack = 0x2001ffff
                0x00000200                _Min_Heap_Size = 0x200
                0x00000400                _Min_Stack_Size = 0x400

.isr_vector     0x08000000      0x1ac
                0x08000000                . = ALIGN (0x4)
 *(.isr_vector)
 .isr_vector    0x08000000      0x1ac ..\obj\startup_stm32f429xx.o
                0x08000000                g_pfnVectors
                0x080001ac                . = ALIGN (0x4)

.text           0x08000200     0x28dc
                0x08000200                . = ALIGN (0x4)
 *(.text)
 .text          0x08000200       0x5c d:/program files (x86)/gnu tools arm embedded/4.9 2015q2/bin/../lib/gcc/arm-none-eabi/4.9.3/armv7e-m/crtbegin.o
 .text          0x0800025c       0xe8 ..\obj\Led.o
                0x0800025c                initLED
                0x080002ac                initRearLED1
                0x080002f8                initRearLED2
 .text          0x08000344      0x19c ..\obj\Task.o
                0x08000344                taskOne
                0x08000358                taskTwo
                0x0800036c                initTcb
 .text          0x080004e0       0xf4 ..\obj\main.o
                0x08000578                main
                0x080005ac                initSysTick
 .text          0x080005d4      0x154 ..\obj\system_stm32f4xx.o
                0x080005d4                SystemInit
                0x08000630                SystemCoreClockUpdate
 .text          0x08000728      0x674 ..\obj\stm32f4xx_hal_gpio.o
                0x08000728                HAL_GPIO_Init
                0x08000a70                HAL_GPIO_DeInit
                0x08000c84                HAL_GPIO_ReadPin
                0x08000cb4                HAL_GPIO_WritePin
                0x08000ce4                HAL_GPIO_TogglePin
                0x08000d08                HAL_GPIO_LockPin
                0x08000d58                HAL_GPIO_EXTI_IRQHandler
                0x08000d88                HAL_GPIO_EXTI_Callback
 .text          0x08000d9c       0x48 ..\obj\Button.o
                0x08000d9c                initButton
 .text          0x08000de4      0xd74 ..\obj\stm32f4xx_hal_rcc.o
                0x08000de4                HAL_RCC_DeInit
                0x08000e5c                HAL_RCC_OscConfig
                0x08001314                HAL_RCC_ClockConfig
                0x08001630                HAL_RCC_MCOConfig
                0x080016f4                HAL_RCC_EnableCSS
                0x0800170c                HAL_RCC_DisableCSS
                0x08001724                HAL_RCC_GetSysClockFreq
                0x0800183c                HAL_RCC_GetHCLKFreq
                0x08001894                HAL_RCC_GetPCLK1Freq
                0x080018e0                HAL_RCC_GetPCLK2Freq
                0x0800192c                HAL_RCC_GetOscConfig
                0x08001ac8                HAL_RCC_GetClockConfig
                0x08001b28                HAL_RCC_NMI_IRQHandler
                0x08001b4c                HAL_RCC_CSSCallback
 .text          0x08001b58       0x50 ..\obj\stm32f4xx_it.o
                0x08001b58                NMI_Handler
                0x08001b64                HardFault_Handler
                0x08001b6c                MemManage_Handler
                0x08001b74                BusFault_Handler
                0x08001b7c                UsageFault_Handler
                0x08001b84                SVC_Handler
                0x08001b90                DebugMon_Handler
                0x08001b9c                PendSV_Handler
 .text          0x08001ba8      0x19c ..\obj\LinkedList.o
                0x08001ba8                createLinkedList
                0x08001bcc                listAddFirst
                0x08001c20                listRemoveFirst
                0x08001c88                listAddLast
                0x08001cdc                listRemoveLast
 .text          0x08001d44       0x7c ..\obj\yieldLED1.o
                0x08001d44                yield_LED1
 .text          0x08001dc0      0x544 ..\obj\stm32f4xx_hal_cortex.o
                0x08002154                HAL_NVIC_SetPriorityGrouping
                0x08002168                HAL_NVIC_SetPriority
                0x080021a0                HAL_NVIC_EnableIRQ
                0x080021bc                HAL_NVIC_DisableIRQ
                0x080021d8                HAL_NVIC_SystemReset
                0x080021e4                HAL_SYSTICK_Config
                0x080021fc                HAL_NVIC_GetPriorityGrouping
                0x0800220c                HAL_NVIC_GetPriority
                0x0800223c                HAL_NVIC_SetPendingIRQ
                0x08002258                HAL_NVIC_GetPendingIRQ
                0x08002278                HAL_NVIC_ClearPendingIRQ
                0x08002294                HAL_NVIC_GetActive
                0x080022b4                HAL_SYSTICK_CLKSourceConfig
                0x080022ec                HAL_SYSTICK_IRQHandler
                0x080022f8                HAL_SYSTICK_Callback
 .text          0x08002304      0x374 ..\obj\stm32f4xx_hal.o
                0x08002304                HAL_Init
                0x08002348                HAL_DeInit
                0x080023a0                HAL_MspInit
                0x080023ac                HAL_MspDeInit
                0x080023b8                HAL_InitTick
                0x080023f0                HAL_IncTick
                0x0800240c                HAL_GetTick
                0x08002424                HAL_Delay
                0x08002450                HAL_SuspendTick
                0x0800246c                HAL_ResumeTick
                0x08002488                HAL_GetHalVersion
                0x0800249c                HAL_GetREVID
                0x080024b4                HAL_GetDEVID
                0x080024d0                HAL_DBGMCU_EnableDBGSleepMode
                0x080024ec                HAL_DBGMCU_DisableDBGSleepMode
                0x08002508                HAL_DBGMCU_EnableDBGStopMode
                0x08002524                HAL_DBGMCU_DisableDBGStopMode
                0x08002540                HAL_DBGMCU_EnableDBGStandbyMode
                0x0800255c                HAL_DBGMCU_DisableDBGStandbyMode
                0x08002578                HAL_EnableCompensationCell
                0x080025b8                HAL_DisableCompensationCell
                0x080025f8                HAL_EnableMemorySwappingBank
                0x08002638                HAL_DisableMemorySwappingBank
 .text          0x08002678       0xa0 ..\obj\Timer.o
                0x08002678                updateCurrentTime
                0x080026b0                getCurrentTime
                0x080026c0                delay
                0x080026f4                halfSecHasNotExpire
 *(.text*)
 .text.__libc_init_array
                0x08002718       0x50 d:/program files (x86)/gnu tools arm embedded/4.9 2015q2/bin/../lib/gcc/arm-none-eabi/4.9.3/../../../../arm-none-eabi/lib/armv7e-m\libc.a(lib_a-init.o)
                0x08002718                __libc_init_array
 .text.startup.register_fini
                0x08002768       0x14 d:/program files (x86)/gnu tools arm embedded/4.9 2015q2/bin/../lib/gcc/arm-none-eabi/4.9.3/../../../../arm-none-eabi/lib/armv7e-m\libc.a(lib_a-__call_atexit.o)
 .text.atexit   0x0800277c        0xc d:/program files (x86)/gnu tools arm embedded/4.9 2015q2/bin/../lib/gcc/arm-none-eabi/4.9.3/../../../../arm-none-eabi/lib/armv7e-m\libc.a(lib_a-atexit.o)
                0x0800277c                atexit
 .text.__libc_fini_array
                0x08002788       0x2c d:/program files (x86)/gnu tools arm embedded/4.9 2015q2/bin/../lib/gcc/arm-none-eabi/4.9.3/../../../../arm-none-eabi/lib/armv7e-m\libc.a(lib_a-fini.o)
                0x08002788                __libc_fini_array
 .text.__register_exitproc
                0x080027b4       0xa4 d:/program files (x86)/gnu tools arm embedded/4.9 2015q2/bin/../lib/gcc/arm-none-eabi/4.9.3/../../../../arm-none-eabi/lib/armv7e-m\libc.a(lib_a-__atexit.o)
                0x080027b4                __register_exitproc
 *fill*         0x08002858       0xa8 
 .text.taskSwitch
                0x08002900      0x170 ..\obj\Scheduler.o
                0x08002900                taskSwitch
                0x08002a00                SysTick_Handler
 .text.Reset_Handler
                0x08002a70       0x50 ..\obj\startup_stm32f429xx.o
                0x08002a70                Reset_Handler
 .text.Default_Handler
                0x08002ac0        0x2 ..\obj\startup_stm32f429xx.o
                0x08002ac0                RTC_Alarm_IRQHandler
                0x08002ac0                HASH_RNG_IRQHandler
                0x08002ac0                EXTI2_IRQHandler
                0x08002ac0                TIM8_CC_IRQHandler
                0x08002ac0                UART8_IRQHandler
                0x08002ac0                SPI4_IRQHandler
                0x08002ac0                TIM1_CC_IRQHandler
                0x08002ac0                DMA2_Stream5_IRQHandler
                0x08002ac0                DMA1_Stream5_IRQHandler
                0x08002ac0                PVD_IRQHandler
                0x08002ac0                SDIO_IRQHandler
                0x08002ac0                TAMP_STAMP_IRQHandler
                0x08002ac0                CAN2_RX1_IRQHandler
                0x08002ac0                EXTI3_IRQHandler
                0x08002ac0                TIM8_TRG_COM_TIM14_IRQHandler
                0x08002ac0                TIM1_UP_TIM10_IRQHandler
                0x08002ac0                TIM8_UP_TIM13_IRQHandler
                0x08002ac0                I2C3_ER_IRQHandler
                0x08002ac0                EXTI0_IRQHandler
                0x08002ac0                I2C2_EV_IRQHandler
                0x08002ac0                DMA1_Stream2_IRQHandler
                0x08002ac0                CAN1_RX0_IRQHandler
                0x08002ac0                FPU_IRQHandler
                0x08002ac0                OTG_HS_WKUP_IRQHandler
                0x08002ac0                LTDC_ER_IRQHandler
                0x08002ac0                CAN2_SCE_IRQHandler
                0x08002ac0                DMA2_Stream2_IRQHandler
                0x08002ac0                SPI1_IRQHandler
                0x08002ac0                TIM6_DAC_IRQHandler
                0x08002ac0                TIM1_BRK_TIM9_IRQHandler
                0x08002ac0                DCMI_IRQHandler
                0x08002ac0                CAN2_RX0_IRQHandler
                0x08002ac0                DMA2_Stream3_IRQHandler
                0x08002ac0                USART6_IRQHandler
                0x08002ac0                USART3_IRQHandler
                0x08002ac0                CAN1_RX1_IRQHandler
                0x08002ac0                UART5_IRQHandler
                0x08002ac0                DMA2_Stream0_IRQHandler
                0x08002ac0                TIM4_IRQHandler
                0x08002ac0                I2C1_EV_IRQHandler
                0x08002ac0                DMA1_Stream6_IRQHandler
                0x08002ac0                DMA1_Stream1_IRQHandler
                0x08002ac0                UART4_IRQHandler
                0x08002ac0                TIM3_IRQHandler
                0x08002ac0                RCC_IRQHandler
                0x08002ac0                TIM8_BRK_TIM12_IRQHandler
                0x08002ac0                Default_Handler
                0x08002ac0                EXTI15_10_IRQHandler
                0x08002ac0                ADC_IRQHandler
                0x08002ac0                DMA1_Stream7_IRQHandler
                0x08002ac0                SPI5_IRQHandler
                0x08002ac0                TIM7_IRQHandler
                0x08002ac0                CAN2_TX_IRQHandler
                0x08002ac0                TIM5_IRQHandler
                0x08002ac0                DMA2_Stream7_IRQHandler
                0x08002ac0                I2C3_EV_IRQHandler
                0x08002ac0                EXTI9_5_IRQHandler
                0x08002ac0                RTC_WKUP_IRQHandler
                0x08002ac0                LTDC_IRQHandler
                0x08002ac0                ETH_WKUP_IRQHandler
                0x08002ac0                SPI2_IRQHandler
                0x08002ac0                OTG_HS_EP1_IN_IRQHandler
                0x08002ac0                DMA1_Stream0_IRQHandler
                0x08002ac0                CAN1_TX_IRQHandler
                0x08002ac0                EXTI4_IRQHandler
                0x08002ac0                ETH_IRQHandler
                0x08002ac0                OTG_HS_EP1_OUT_IRQHandler
                0x08002ac0                WWDG_IRQHandler
                0x08002ac0                SPI6_IRQHandler
                0x08002ac0                TIM2_IRQHandler
                0x08002ac0                OTG_FS_WKUP_IRQHandler
                0x08002ac0                TIM1_TRG_COM_TIM11_IRQHandler
                0x08002ac0                OTG_HS_IRQHandler
                0x08002ac0                DMA2D_IRQHandler
                0x08002ac0                EXTI1_IRQHandler
                0x08002ac0                UART7_IRQHandler
                0x08002ac0                USART2_IRQHandler
                0x08002ac0                I2C2_ER_IRQHandler
                0x08002ac0                DMA2_Stream1_IRQHandler
                0x08002ac0                CAN1_SCE_IRQHandler
                0x08002ac0                FLASH_IRQHandler
                0x08002ac0                DMA2_Stream4_IRQHandler
                0x08002ac0                USART1_IRQHandler
                0x08002ac0                OTG_FS_IRQHandler
                0x08002ac0                SPI3_IRQHandler
                0x08002ac0                DMA1_Stream4_IRQHandler
                0x08002ac0                I2C1_ER_IRQHandler
                0x08002ac0                FMC_IRQHandler
                0x08002ac0                DMA2_Stream6_IRQHandler
                0x08002ac0                SAI1_IRQHandler
                0x08002ac0                DMA1_Stream3_IRQHandler
 *(.glue_7)
 .glue_7        0x00000000        0x0 linker stubs
 *(.glue_7t)
 .glue_7t       0x00000000        0x0 linker stubs
 *(.eh_frame)
 *fill*         0x08002ac2        0x2 
 .eh_frame      0x08002ac4        0x0 d:/program files (x86)/gnu tools arm embedded/4.9 2015q2/bin/../lib/gcc/arm-none-eabi/4.9.3/armv7e-m/crtbegin.o
 *(.init)
 .init          0x08002ac4        0x4 d:/program files (x86)/gnu tools arm embedded/4.9 2015q2/bin/../lib/gcc/arm-none-eabi/4.9.3/armv7e-m/crti.o
                0x08002ac4                _init
 .init          0x08002ac8        0x8 d:/program files (x86)/gnu tools arm embedded/4.9 2015q2/bin/../lib/gcc/arm-none-eabi/4.9.3/armv7e-m/crtn.o
 *(.fini)
 .fini          0x08002ad0        0x4 d:/program files (x86)/gnu tools arm embedded/4.9 2015q2/bin/../lib/gcc/arm-none-eabi/4.9.3/armv7e-m/crti.o
                0x08002ad0                _fini
 .fini          0x08002ad4        0x8 d:/program files (x86)/gnu tools arm embedded/4.9 2015q2/bin/../lib/gcc/arm-none-eabi/4.9.3/armv7e-m/crtn.o
                0x08002adc                . = ALIGN (0x4)
                0x08002adc                _etext = .

.vfp11_veneer   0x08002adc        0x0
 .vfp11_veneer  0x00000000        0x0 linker stubs

.v4_bx          0x08002adc        0x0
 .v4_bx         0x00000000        0x0 linker stubs

.iplt           0x08002adc        0x0
 .iplt          0x00000000        0x0 d:/program files (x86)/gnu tools arm embedded/4.9 2015q2/bin/../lib/gcc/arm-none-eabi/4.9.3/armv7e-m/crtbegin.o

.rodata         0x08002adc       0x3c
                0x08002adc                . = ALIGN (0x4)
 *(.rodata)
 .rodata        0x08002adc       0x22 ..\obj\Task.o
 *fill*         0x08002afe        0x2 
 .rodata        0x08002b00       0x10 ..\obj\stm32f4xx_hal_rcc.o
                0x08002b00                APBAHBPrescTable
 *(.rodata*)
 .rodata.str1.4
                0x08002b10        0x4 d:/program files (x86)/gnu tools arm embedded/4.9 2015q2/bin/../lib/gcc/arm-none-eabi/4.9.3/../../../../arm-none-eabi/lib/armv7e-m\libc.a(lib_a-impure.o)
                                  0x2 (size before relaxing)
 .rodata._global_impure_ptr
                0x08002b14        0x4 d:/program files (x86)/gnu tools arm embedded/4.9 2015q2/bin/../lib/gcc/arm-none-eabi/4.9.3/../../../../arm-none-eabi/lib/armv7e-m\libc.a(lib_a-impure.o)
                0x08002b14                _global_impure_ptr
                0x08002b18                . = ALIGN (0x4)

.rel.dyn        0x08002b18        0x0
 .rel.iplt      0x00000000        0x0 d:/program files (x86)/gnu tools arm embedded/4.9 2015q2/bin/../lib/gcc/arm-none-eabi/4.9.3/armv7e-m/crtbegin.o

.ARM.extab
 *(.ARM.extab* .gnu.linkonce.armextab.*)

.ARM            0x08002b18        0x0
                0x08002b18                __exidx_start = .
 *(.ARM.exidx*)
                0x08002b18                __exidx_end = .

.preinit_array  0x08002b18        0x0
                0x08002b18                PROVIDE (__preinit_array_start, .)
 *(.preinit_array*)
                0x08002b18                PROVIDE (__preinit_array_end, .)

.init_array     0x08002b18        0x8
                0x08002b18                PROVIDE (__init_array_start, .)
 *(SORT(.init_array.*))
 .init_array.00000
                0x08002b18        0x4 d:/program files (x86)/gnu tools arm embedded/4.9 2015q2/bin/../lib/gcc/arm-none-eabi/4.9.3/../../../../arm-none-eabi/lib/armv7e-m\libc.a(lib_a-__call_atexit.o)
 *(.init_array*)
 .init_array    0x08002b1c        0x4 d:/program files (x86)/gnu tools arm embedded/4.9 2015q2/bin/../lib/gcc/arm-none-eabi/4.9.3/armv7e-m/crtbegin.o
                0x08002b20                PROVIDE (__init_array_end, .)

.fini_array     0x08002b20        0x4
                0x08002b20                PROVIDE (__fini_array_start, .)
 *(SORT(.fini_array.*))
 *(.fini_array*)
 .fini_array    0x08002b20        0x4 d:/program files (x86)/gnu tools arm embedded/4.9 2015q2/bin/../lib/gcc/arm-none-eabi/4.9.3/armv7e-m/crtbegin.o
                0x08002b24                PROVIDE (__fini_array_end, .)
                0x08002b24                _sidata = LOADADDR (.data)

.data           0x20000000      0x440 load address 0x08002b24
                0x20000000                . = ALIGN (0x4)
                0x20000000                _sdata = .
 *(.data)
 .data          0x20000000       0x14 ..\obj\system_stm32f4xx.o
                0x20000000                SystemCoreClock
                0x20000004                AHBPrescTable
 *(.data*)
 *fill*         0x20000014        0x4 
 .data.impure_data
                0x20000018      0x428 d:/program files (x86)/gnu tools arm embedded/4.9 2015q2/bin/../lib/gcc/arm-none-eabi/4.9.3/../../../../arm-none-eabi/lib/armv7e-m\libc.a(lib_a-impure.o)
                0x20000440                . = ALIGN (0x4)
                0x20000440                _edata = .
                0x08002f64                _siccmram = LOADADDR (.ccmram)

.jcr            0x20000440        0x0 load address 0x08002f64
 .jcr           0x20000440        0x0 d:/program files (x86)/gnu tools arm embedded/4.9 2015q2/bin/../lib/gcc/arm-none-eabi/4.9.3/armv7e-m/crtbegin.o

.igot.plt       0x20000440        0x0 load address 0x08002f64
 .igot.plt      0x00000000        0x0 d:/program files (x86)/gnu tools arm embedded/4.9 2015q2/bin/../lib/gcc/arm-none-eabi/4.9.3/armv7e-m/crtbegin.o

.ccmram         0x10000000        0x0 load address 0x08002f64
                0x10000000                . = ALIGN (0x4)
                0x10000000                _sccmram = .
 *(.ccmram)
 *(.ccmram*)
                0x10000000                . = ALIGN (0x4)
                0x10000000                _eccmram = .
                0x10000000                . = ALIGN (0x4)

.bss            0x20000440      0x86c
                0x20000440                _sbss = .
                0x20000440                __bss_start__ = _sbss
 *(.bss)
 .bss           0x20000440       0x1c d:/program files (x86)/gnu tools arm embedded/4.9 2015q2/bin/../lib/gcc/arm-none-eabi/4.9.3/armv7e-m/crtbegin.o
 .bss           0x2000045c        0x4 ..\obj\stm32f4xx_hal.o
 .bss           0x20000460        0xc ..\obj\Timer.o
                0x20000460                counter
                0x20000464                currentTime
 *(.bss*)
 *(COMMON)
 COMMON         0x2000046c      0x840 ..\obj\Task.o
                0x2000046c                runningQueue
                0x20000470                taskTwoTcb
                0x20000480                readyQueue
                0x20000484                taskOneTcb
                0x20000494                taskTwoStack
                0x20000898                mainTcb
                0x200008a8                taskOneStack
                0x20000cac                . = ALIGN (0x4)
                0x20000cac                _ebss = .
                0x20000cac                __bss_end__ = _ebss

._user_heap_stack
                0x20000cac      0x600
                0x20000cac                . = ALIGN (0x4)
                0x20000cac                PROVIDE (end, .)
                0x20000cac                PROVIDE (_end, .)
                0x20000eac                . = (. + _Min_Heap_Size)
 *fill*         0x20000cac      0x200 
                0x200012ac                . = (. + _Min_Stack_Size)
 *fill*         0x20000eac      0x400 
                0x200012ac                . = ALIGN (0x4)

/DISCARD/
 libc.a(*)
 libm.a(*)
 libgcc.a(*)

.ARM.attributes
                0x00000000       0x2a
 *(.ARM.attributes)
 .ARM.attributes
                0x00000000       0x1e d:/program files (x86)/gnu tools arm embedded/4.9 2015q2/bin/../lib/gcc/arm-none-eabi/4.9.3/armv7e-m/crti.o
 .ARM.attributes
                0x0000001e       0x2e d:/program files (x86)/gnu tools arm embedded/4.9 2015q2/bin/../lib/gcc/arm-none-eabi/4.9.3/armv7e-m/crtbegin.o
 .ARM.attributes
                0x0000004c       0x21 ..\obj\Scheduler.o
 .ARM.attributes
                0x0000006d       0x33 ..\obj\Led.o
 .ARM.attributes
                0x000000a0       0x33 ..\obj\Task.o
 .ARM.attributes
                0x000000d3       0x33 ..\obj\main.o
 .ARM.attributes
                0x00000106       0x33 ..\obj\system_stm32f4xx.o
 .ARM.attributes
                0x00000139       0x33 ..\obj\stm32f4xx_hal_gpio.o
 .ARM.attributes
                0x0000016c       0x33 ..\obj\Button.o
 .ARM.attributes
                0x0000019f       0x21 ..\obj\startup_stm32f429xx.o
 .ARM.attributes
                0x000001c0       0x33 ..\obj\stm32f4xx_hal_rcc.o
 .ARM.attributes
                0x000001f3       0x33 ..\obj\stm32f4xx_it.o
 .ARM.attributes
                0x00000226       0x33 ..\obj\LinkedList.o
 .ARM.attributes
                0x00000259       0x33 ..\obj\yieldLED1.o
 .ARM.attributes
                0x0000028c       0x33 ..\obj\stm32f4xx_hal_cortex.o
 .ARM.attributes
                0x000002bf       0x33 ..\obj\stm32f4xx_hal.o
 .ARM.attributes
                0x000002f2       0x33 ..\obj\Timer.o
 .ARM.attributes
                0x00000325       0x1e d:/program files (x86)/gnu tools arm embedded/4.9 2015q2/bin/../lib/gcc/arm-none-eabi/4.9.3/armv7e-m/crtn.o
LOAD ..\obj\Scheduler.o
LOAD ..\obj\Led.o
LOAD ..\obj\Task.o
LOAD ..\obj\main.o
LOAD ..\obj\system_stm32f4xx.o
LOAD ..\obj\stm32f4xx_hal_gpio.o
LOAD ..\obj\Button.o
LOAD ..\obj\startup_stm32f429xx.o
LOAD ..\obj\LedSM.o
LOAD ..\obj\stm32f4xx_hal_rcc.o
LOAD ..\obj\ButtonSM.o
LOAD ..\obj\stm32f4xx_it.o
LOAD ..\obj\LinkedList.o
LOAD ..\obj\assembly.o
LOAD ..\obj\Mutex.o
LOAD ..\obj\yieldLED1.o
LOAD ..\obj\stm32f4xx_hal_cortex.o
LOAD ..\obj\stm32f4xx_hal.o
LOAD ..\obj\Message.o
LOAD ..\obj\Timer.o
LOAD d:/program files (x86)/gnu tools arm embedded/4.9 2015q2/bin/../lib/gcc/arm-none-eabi/4.9.3/../../../../arm-none-eabi/lib/armv7e-m\libm.a
LOAD d:/program files (x86)/gnu tools arm embedded/4.9 2015q2/bin/../lib/gcc/arm-none-eabi/4.9.3/armv7e-m\libgcc.a
LOAD d:/program files (x86)/gnu tools arm embedded/4.9 2015q2/bin/../lib/gcc/arm-none-eabi/4.9.3/../../../../arm-none-eabi/lib/armv7e-m\libc.a
LOAD d:/program files (x86)/gnu tools arm embedded/4.9 2015q2/bin/../lib/gcc/arm-none-eabi/4.9.3/../../../../arm-none-eabi/lib/armv7e-m\libnosys.a
START GROUP
LOAD d:/program files (x86)/gnu tools arm embedded/4.9 2015q2/bin/../lib/gcc/arm-none-eabi/4.9.3/armv7e-m\libgcc.a
LOAD d:/program files (x86)/gnu tools arm embedded/4.9 2015q2/bin/../lib/gcc/arm-none-eabi/4.9.3/../../../../arm-none-eabi/lib/armv7e-m\libg.a
LOAD d:/program files (x86)/gnu tools arm embedded/4.9 2015q2/bin/../lib/gcc/arm-none-eabi/4.9.3/../../../../arm-none-eabi/lib/armv7e-m\libc.a
END GROUP
LOAD d:/program files (x86)/gnu tools arm embedded/4.9 2015q2/bin/../lib/gcc/arm-none-eabi/4.9.3/armv7e-m/crtend.o
LOAD d:/program files (x86)/gnu tools arm embedded/4.9 2015q2/bin/../lib/gcc/arm-none-eabi/4.9.3/armv7e-m/crtn.o
OUTPUT(exploreCC.elf elf32-littlearm)

.debug_line     0x00000000     0x210a
 .debug_line    0x00000000       0x97 ..\obj\Scheduler.o
 .debug_line    0x00000097      0x21d ..\obj\Led.o
 .debug_line    0x000002b4      0x178 ..\obj\Task.o
 .debug_line    0x0000042c      0x1f9 ..\obj\main.o
 .debug_line    0x00000625      0x1c4 ..\obj\system_stm32f4xx.o
 .debug_line    0x000007e9      0x432 ..\obj\stm32f4xx_hal_gpio.o
 .debug_line    0x00000c1b      0x20d ..\obj\Button.o
 .debug_line    0x00000e28       0x9d ..\obj\startup_stm32f429xx.o
 .debug_line    0x00000ec5      0x597 ..\obj\stm32f4xx_hal_rcc.o
 .debug_line    0x0000145c      0x1b5 ..\obj\stm32f4xx_it.o
 .debug_line    0x00001611       0xb9 ..\obj\LinkedList.o
 .debug_line    0x000016ca      0x231 ..\obj\yieldLED1.o
 .debug_line    0x000018fb      0x336 ..\obj\stm32f4xx_hal_cortex.o
 .debug_line    0x00001c31      0x33c ..\obj\stm32f4xx_hal.o
 .debug_line    0x00001f6d      0x19d ..\obj\Timer.o

.debug_info     0x00000000     0x498a
 .debug_info    0x00000000       0x96 ..\obj\Scheduler.o
 .debug_info    0x00000096      0x439 ..\obj\Led.o
 .debug_info    0x000004cf      0x2c4 ..\obj\Task.o
 .debug_info    0x00000793      0x786 ..\obj\main.o
 .debug_info    0x00000f19      0x4b4 ..\obj\system_stm32f4xx.o
 .debug_info    0x000013cd      0x712 ..\obj\stm32f4xx_hal_gpio.o
 .debug_info    0x00001adf      0x3b3 ..\obj\Button.o
 .debug_info    0x00001e92       0x9c ..\obj\startup_stm32f429xx.o
 .debug_info    0x00001f2e      0xe27 ..\obj\stm32f4xx_hal_rcc.o
 .debug_info    0x00002d55      0x11e ..\obj\stm32f4xx_it.o
 .debug_info    0x00002e73      0x1ea ..\obj\LinkedList.o
 .debug_info    0x0000305d      0x214 ..\obj\yieldLED1.o
 .debug_info    0x00003271      0xbac ..\obj\stm32f4xx_hal_cortex.o
 .debug_info    0x00003e1d      0xa1c ..\obj\stm32f4xx_hal.o
 .debug_info    0x00004839      0x151 ..\obj\Timer.o

.debug_abbrev   0x00000000     0x1187
 .debug_abbrev  0x00000000       0x14 ..\obj\Scheduler.o
 .debug_abbrev  0x00000014      0x11d ..\obj\Led.o
 .debug_abbrev  0x00000131       0xfa ..\obj\Task.o
 .debug_abbrev  0x0000022b      0x1af ..\obj\main.o
 .debug_abbrev  0x000003da       0xff ..\obj\system_stm32f4xx.o
 .debug_abbrev  0x000004d9      0x1aa ..\obj\stm32f4xx_hal_gpio.o
 .debug_abbrev  0x00000683       0xf4 ..\obj\Button.o
 .debug_abbrev  0x00000777       0x12 ..\obj\startup_stm32f429xx.o
 .debug_abbrev  0x00000789      0x25a ..\obj\stm32f4xx_hal_rcc.o
 .debug_abbrev  0x000009e3       0x65 ..\obj\stm32f4xx_it.o
 .debug_abbrev  0x00000a48       0xe0 ..\obj\LinkedList.o
 .debug_abbrev  0x00000b28       0xfd ..\obj\yieldLED1.o
 .debug_abbrev  0x00000c25      0x299 ..\obj\stm32f4xx_hal_cortex.o
 .debug_abbrev  0x00000ebe      0x1ff ..\obj\stm32f4xx_hal.o
 .debug_abbrev  0x000010bd       0xca ..\obj\Timer.o

.debug_aranges  0x00000000      0x1e8
 .debug_aranges
                0x00000000       0x20 ..\obj\Scheduler.o
 .debug_aranges
                0x00000020       0x20 ..\obj\Led.o
 .debug_aranges
                0x00000040       0x20 ..\obj\Task.o
 .debug_aranges
                0x00000060       0x20 ..\obj\main.o
 .debug_aranges
                0x00000080       0x20 ..\obj\system_stm32f4xx.o
 .debug_aranges
                0x000000a0       0x20 ..\obj\stm32f4xx_hal_gpio.o
 .debug_aranges
                0x000000c0       0x20 ..\obj\Button.o
 .debug_aranges
                0x000000e0       0x28 ..\obj\startup_stm32f429xx.o
 .debug_aranges
                0x00000108       0x20 ..\obj\stm32f4xx_hal_rcc.o
 .debug_aranges
                0x00000128       0x20 ..\obj\stm32f4xx_it.o
 .debug_aranges
                0x00000148       0x20 ..\obj\LinkedList.o
 .debug_aranges
                0x00000168       0x20 ..\obj\yieldLED1.o
 .debug_aranges
                0x00000188       0x20 ..\obj\stm32f4xx_hal_cortex.o
 .debug_aranges
                0x000001a8       0x20 ..\obj\stm32f4xx_hal.o
 .debug_aranges
                0x000001c8       0x20 ..\obj\Timer.o

.debug_str      0x00000000     0x1791
 .debug_str     0x00000000      0x2eb ..\obj\Led.o
                                0x348 (size before relaxing)
 .debug_str     0x000002eb       0xd3 ..\obj\Task.o
                                0x1ea (size before relaxing)
 .debug_str     0x000003be      0x6ca ..\obj\main.o
                                0x8ae (size before relaxing)
 .debug_str     0x00000a88       0x78 ..\obj\system_stm32f4xx.o
                                0x334 (size before relaxing)
 .debug_str     0x00000b00      0x1e0 ..\obj\stm32f4xx_hal_gpio.o
                                0x502 (size before relaxing)
 .debug_str     0x00000ce0       0x48 ..\obj\Button.o
                                0x336 (size before relaxing)
 .debug_str     0x00000d28      0x349 ..\obj\stm32f4xx_hal_rcc.o
                                0x6bc (size before relaxing)
 .debug_str     0x00001071       0xb8 ..\obj\stm32f4xx_it.o
                                0x1cd (size before relaxing)
 .debug_str     0x00001129       0xbb ..\obj\LinkedList.o
                                0x207 (size before relaxing)
 .debug_str     0x000011e4       0x35 ..\obj\yieldLED1.o
                                0x262 (size before relaxing)
 .debug_str     0x00001219      0x275 ..\obj\stm32f4xx_hal_cortex.o
                                0xb3e (size before relaxing)
 .debug_str     0x0000148e      0x273 ..\obj\stm32f4xx_hal.o
                                0xb03 (size before relaxing)
 .debug_str     0x00001701       0x90 ..\obj\Timer.o
                                0x1ff (size before relaxing)

.comment        0x00000000       0x70
 .comment       0x00000000       0x70 ..\obj\Led.o
                                 0x71 (size before relaxing)
 .comment       0x00000000       0x71 ..\obj\Task.o
 .comment       0x00000000       0x71 ..\obj\main.o
 .comment       0x00000000       0x71 ..\obj\system_stm32f4xx.o
 .comment       0x00000000       0x71 ..\obj\stm32f4xx_hal_gpio.o
 .comment       0x00000000       0x71 ..\obj\Button.o
 .comment       0x00000000       0x71 ..\obj\stm32f4xx_hal_rcc.o
 .comment       0x00000000       0x71 ..\obj\stm32f4xx_it.o
 .comment       0x00000000       0x71 ..\obj\LinkedList.o
 .comment       0x00000000       0x71 ..\obj\yieldLED1.o
 .comment       0x00000000       0x71 ..\obj\stm32f4xx_hal_cortex.o
 .comment       0x00000000       0x71 ..\obj\stm32f4xx_hal.o
 .comment       0x00000000       0x71 ..\obj\Timer.o

.debug_frame    0x00000000      0xf1c
 .debug_frame   0x00000000       0x7c ..\obj\Led.o
 .debug_frame   0x0000007c       0x6c ..\obj\Task.o
 .debug_frame   0x000000e8       0x98 ..\obj\main.o
 .debug_frame   0x00000180       0x58 ..\obj\system_stm32f4xx.o
 .debug_frame   0x000001d8      0x14c ..\obj\stm32f4xx_hal_gpio.o
 .debug_frame   0x00000324       0x34 ..\obj\Button.o
 .debug_frame   0x00000358      0x204 ..\obj\stm32f4xx_hal_rcc.o
 .debug_frame   0x0000055c       0xf0 ..\obj\stm32f4xx_it.o
 .debug_frame   0x0000064c       0xd8 ..\obj\LinkedList.o
 .debug_frame   0x00000724       0x34 ..\obj\yieldLED1.o
 .debug_frame   0x00000758      0x428 ..\obj\stm32f4xx_hal_cortex.o
 .debug_frame   0x00000b80      0x310 ..\obj\stm32f4xx_hal.o
 .debug_frame   0x00000e90       0x8c ..\obj\Timer.o

.debug_ranges   0x00000000       0x20
 .debug_ranges  0x00000000       0x20 ..\obj\startup_stm32f429xx.o

.stabstr        0x00000000      0x14d
 .stabstr       0x00000000      0x14d d:/program files (x86)/gnu tools arm embedded/4.9 2015q2/bin/../lib/gcc/arm-none-eabi/4.9.3/../../../../arm-none-eabi/lib/armv7e-m\libnosys.a(close.o)
